

trimble@tartu:~$ curl -LO https://storage.googleapis.com/minikube/releases/latest/minikube-linux-amd64
  % Total    % Received % Xferd  Average Speed   Time    Time     Time  Current
                                 Dload  Upload   Total   Spent    Left  Speed
100 82.4M  100 82.4M    0     0  31.6M      0  0:00:02  0:00:02 --:--:-- 31.6M
trimble@tartu:~$ sudo install minikube-linux-amd64 /usr/local/bin/minikube
trimble@tartu:~$ minikube start
üòÑ  minikube v1.31.2 on Debian 12.1
üëé  Unable to pick a default driver. Here is what was considered, in preference order:
üí°  Alternatively you could install one of these drivers:
    ‚ñ™ docker: Not installed: exec: "docker": executable file not found in $PATH
    ‚ñ™ kvm2: Not installed: exec: "virsh": executable file not found in $PATH
    ‚ñ™ podman: Not installed: exec: "podman": executable file not found in $PATH
    ‚ñ™ qemu2: Not installed: exec: "qemu-system-x86_64": executable file not found in $PATH
    ‚ñ™ virtualbox: Not installed: unable to find VBoxManage in $PATH

‚ùå  Exiting due to DRV_NOT_DETECTED: No possible driver was detected. Try specifying --driver, or see https://minikube.sigs.k8s.io/docs/start/

trimble@tartu:~$ apt search docker | less
trimble@tartu:~$ sudo apt install docker.io
Reading package lists... Done
Building dependency tree... Done
Reading state information... Done
The following additional packages will be installed:
  binutils binutils-common binutils-x86-64-linux-gnu cgroupfs-mount containerd criu git git-man iptables libbinutils libctf-nobfd0 libctf0 libcurl3-gnutls liberror-perl
  libgdbm-compat4 libgdbm6 libgprofng0 libintl-perl libintl-xs-perl libip6tc2 libmodule-find-perl libmodule-scandeps-perl libnet1 libnetfilter-conntrack3 libnfnetlink0
  libnl-3-200 libperl5.36 libproc-processtable-perl libprotobuf-c1 libprotobuf32 libpython3-stdlib libpython3.11-minimal libpython3.11-stdlib libsort-naturally-perl
  libsqlite3-0 libterm-readkey-perl media-types needrestart patch perl perl-modules-5.36 python3 python3-minimal python3-protobuf python3.11 python3.11-minimal runc sgml-base
  tini xz-utils
Suggested packages:
  binutils-doc containernetworking-plugins docker-doc aufs-tools btrfs-progs debootstrap rinse rootlesskit xfsprogs zfs-fuse | zfsutils-linux git-daemon-run
  | git-daemon-sysvinit git-doc git-email git-gui gitk gitweb git-cvs git-mediawiki git-svn firewalld gdbm-l10n needrestart-session | libnotify-bin ed diffutils-doc perl-doc
  libterm-readline-gnu-perl | libterm-readline-perl-perl make libtap-harness-archive-perl python3-doc python3-tk python3-venv python3.11-venv python3.11-doc binfmt-support
  sgml-base-doc
The following NEW packages will be installed:
  binutils binutils-common binutils-x86-64-linux-gnu cgroupfs-mount containerd criu docker.io git git-man iptables libbinutils libctf-nobfd0 libctf0 libcurl3-gnutls
  liberror-perl libgdbm-compat4 libgdbm6 libgprofng0 libintl-perl libintl-xs-perl libip6tc2 libmodule-find-perl libmodule-scandeps-perl libnet1 libnetfilter-conntrack3
  libnfnetlink0 libnl-3-200 libperl5.36 libproc-processtable-perl libprotobuf-c1 libprotobuf32 libpython3-stdlib libpython3.11-minimal libpython3.11-stdlib
  libsort-naturally-perl libsqlite3-0 libterm-readkey-perl media-types needrestart patch perl perl-modules-5.36 python3 python3-minimal python3-protobuf python3.11
  python3.11-minimal runc sgml-base tini xz-utils
0 upgraded, 51 newly installed, 0 to remove and 0 not upgraded.
Need to get 98.7 MB of archives.
After this operation, 434 MB of additional disk space will be used.
Do you want to continue? [Y/n]
Get:1 http://deb.debian.org/debian bookworm/main amd64 perl-modules-5.36 all 5.36.0-7 [2,815 kB]
Get:2 http://security.debian.org/debian-security bookworm-security/main amd64 libcurl3-gnutls amd64 7.88.1-10+deb12u1 [381 kB]
Get:3 http://deb.debian.org/debian bookworm/main amd64 libgdbm6 amd64 1.23-3 [72.2 kB]
Get:4 http://deb.debian.org/debian bookworm/main amd64 libgdbm-compat4 amd64 1.23-3 [48.2 kB]
Get:5 http://deb.debian.org/debian bookworm/main amd64 libperl5.36 amd64 5.36.0-7 [4,218 kB]
Get:6 http://deb.debian.org/debian bookworm/main amd64 perl amd64 5.36.0-7 [239 kB]
Get:7 http://deb.debian.org/debian bookworm/main amd64 runc amd64 1.1.5+ds1-1+b1 [2,708 kB]
Get:8 http://deb.debian.org/debian bookworm/main amd64 containerd amd64 1.6.20~ds1-1+b1 [25.9 MB]
Get:9 http://deb.debian.org/debian bookworm/main amd64 libip6tc2 amd64 1.8.9-2 [19.4 kB]
Get:10 http://deb.debian.org/debian bookworm/main amd64 libnfnetlink0 amd64 1.0.2-2 [15.1 kB]
Get:11 http://deb.debian.org/debian bookworm/main amd64 libnetfilter-conntrack3 amd64 1.0.9-3 [40.7 kB]
Get:12 http://deb.debian.org/debian bookworm/main amd64 iptables amd64 1.8.9-2 [360 kB]
Get:13 http://deb.debian.org/debian bookworm/main amd64 tini amd64 0.19.0-1 [255 kB]
Get:14 http://deb.debian.org/debian bookworm/main amd64 docker.io amd64 20.10.24+dfsg1-1+b3 [36.2 MB]
Get:15 http://deb.debian.org/debian bookworm/main amd64 libpython3.11-minimal amd64 3.11.2-6 [813 kB]
Get:16 http://deb.debian.org/debian bookworm/main amd64 python3.11-minimal amd64 3.11.2-6 [2,064 kB]
Get:17 http://deb.debian.org/debian bookworm/main amd64 python3-minimal amd64 3.11.2-1+b1 [26.3 kB]
Get:18 http://deb.debian.org/debian bookworm/main amd64 media-types all 10.0.0 [26.1 kB]
Get:19 http://deb.debian.org/debian bookworm/main amd64 libsqlite3-0 amd64 3.40.1-2 [837 kB]
Get:20 http://deb.debian.org/debian bookworm/main amd64 libpython3.11-stdlib amd64 3.11.2-6 [1,796 kB]
Get:21 http://deb.debian.org/debian bookworm/main amd64 python3.11 amd64 3.11.2-6 [572 kB]
Get:22 http://deb.debian.org/debian bookworm/main amd64 libpython3-stdlib amd64 3.11.2-1+b1 [9,312 B]
Get:23 http://deb.debian.org/debian bookworm/main amd64 python3 amd64 3.11.2-1+b1 [26.3 kB]
Get:24 http://deb.debian.org/debian bookworm/main amd64 sgml-base all 1.31 [15.4 kB]
Get:25 http://deb.debian.org/debian bookworm/main amd64 xz-utils amd64 5.4.1-0.2 [471 kB]
Get:26 http://deb.debian.org/debian bookworm/main amd64 binutils-common amd64 2.40-2 [2,487 kB]
Get:27 http://deb.debian.org/debian bookworm/main amd64 libbinutils amd64 2.40-2 [572 kB]
Get:28 http://deb.debian.org/debian bookworm/main amd64 libctf-nobfd0 amd64 2.40-2 [153 kB]
Get:29 http://deb.debian.org/debian bookworm/main amd64 libctf0 amd64 2.40-2 [89.8 kB]
Get:30 http://deb.debian.org/debian bookworm/main amd64 libgprofng0 amd64 2.40-2 [812 kB]
Get:31 http://deb.debian.org/debian bookworm/main amd64 binutils-x86-64-linux-gnu amd64 2.40-2 [2,246 kB]
Get:32 http://deb.debian.org/debian bookworm/main amd64 binutils amd64 2.40-2 [65.0 kB]
Get:33 http://deb.debian.org/debian bookworm/main amd64 cgroupfs-mount all 1.4 [6,276 B]
Get:34 http://deb.debian.org/debian bookworm/main amd64 libprotobuf32 amd64 3.21.12-3 [932 kB]
Get:35 http://deb.debian.org/debian bookworm/main amd64 python3-protobuf amd64 3.21.12-3 [245 kB]
Get:36 http://deb.debian.org/debian bookworm/main amd64 libnet1 amd64 1.1.6+dfsg-3.2 [60.3 kB]
Get:37 http://deb.debian.org/debian bookworm/main amd64 libnl-3-200 amd64 3.7.0-0.2+b1 [63.1 kB]
Get:38 http://deb.debian.org/debian bookworm/main amd64 libprotobuf-c1 amd64 1.4.1-1+b1 [27.5 kB]
Get:39 http://deb.debian.org/debian bookworm/main amd64 criu amd64 3.17.1-2 [665 kB]
Get:40 http://deb.debian.org/debian bookworm/main amd64 liberror-perl all 0.17029-2 [29.0 kB]
Get:41 http://deb.debian.org/debian bookworm/main amd64 git-man all 1:2.39.2-1.1 [2,049 kB]
Get:42 http://deb.debian.org/debian bookworm/main amd64 git amd64 1:2.39.2-1.1 [7,171 kB]
Get:43 http://deb.debian.org/debian bookworm/main amd64 libintl-perl all 1.33-1 [720 kB]
Get:44 http://deb.debian.org/debian bookworm/main amd64 libintl-xs-perl amd64 1.33-1 [15.6 kB]
Get:45 http://deb.debian.org/debian bookworm/main amd64 libmodule-find-perl all 0.16-2 [10.6 kB]
Get:46 http://deb.debian.org/debian bookworm/main amd64 libmodule-scandeps-perl all 1.31-2 [41.7 kB]
Get:47 http://deb.debian.org/debian bookworm/main amd64 libproc-processtable-perl amd64 0.634-1+b2 [43.1 kB]
Get:48 http://deb.debian.org/debian bookworm/main amd64 libsort-naturally-perl all 1.03-4 [13.1 kB]
Get:49 http://deb.debian.org/debian bookworm/main amd64 libterm-readkey-perl amd64 2.38-2+b1 [24.5 kB]
Get:50 http://deb.debian.org/debian bookworm/main amd64 needrestart all 3.6-4 [59.5 kB]
Get:51 http://deb.debian.org/debian bookworm/main amd64 patch amd64 2.7.6-7 [128 kB]
Fetched 98.7 MB in 3s (32.0 MB/s)
Extracting templates from packages: 100%
Selecting previously unselected package perl-modules-5.36.
(Reading database ... 27400 files and directories currently installed.)
Preparing to unpack .../00-perl-modules-5.36_5.36.0-7_all.deb ...
Unpacking perl-modules-5.36 (5.36.0-7) ...
Selecting previously unselected package libgdbm6:amd64.
Preparing to unpack .../01-libgdbm6_1.23-3_amd64.deb ...
Unpacking libgdbm6:amd64 (1.23-3) ...
Selecting previously unselected package libgdbm-compat4:amd64.
Preparing to unpack .../02-libgdbm-compat4_1.23-3_amd64.deb ...
Unpacking libgdbm-compat4:amd64 (1.23-3) ...
Selecting previously unselected package libperl5.36:amd64.
Preparing to unpack .../03-libperl5.36_5.36.0-7_amd64.deb ...
Unpacking libperl5.36:amd64 (5.36.0-7) ...
Selecting previously unselected package perl.
Preparing to unpack .../04-perl_5.36.0-7_amd64.deb ...
Unpacking perl (5.36.0-7) ...
Selecting previously unselected package runc.
Preparing to unpack .../05-runc_1.1.5+ds1-1+b1_amd64.deb ...
Unpacking runc (1.1.5+ds1-1+b1) ...
Selecting previously unselected package containerd.
Preparing to unpack .../06-containerd_1.6.20~ds1-1+b1_amd64.deb ...
Unpacking containerd (1.6.20~ds1-1+b1) ...
Selecting previously unselected package libip6tc2:amd64.
Preparing to unpack .../07-libip6tc2_1.8.9-2_amd64.deb ...
Unpacking libip6tc2:amd64 (1.8.9-2) ...
Selecting previously unselected package libnfnetlink0:amd64.
Preparing to unpack .../08-libnfnetlink0_1.0.2-2_amd64.deb ...
Unpacking libnfnetlink0:amd64 (1.0.2-2) ...
Selecting previously unselected package libnetfilter-conntrack3:amd64.
Preparing to unpack .../09-libnetfilter-conntrack3_1.0.9-3_amd64.deb ...
Unpacking libnetfilter-conntrack3:amd64 (1.0.9-3) ...
Selecting previously unselected package iptables.
Preparing to unpack .../10-iptables_1.8.9-2_amd64.deb ...
Unpacking iptables (1.8.9-2) ...
Selecting previously unselected package tini.
Preparing to unpack .../11-tini_0.19.0-1_amd64.deb ...
Unpacking tini (0.19.0-1) ...
Selecting previously unselected package docker.io.
Preparing to unpack .../12-docker.io_20.10.24+dfsg1-1+b3_amd64.deb ...
Unpacking docker.io (20.10.24+dfsg1-1+b3) ...
Selecting previously unselected package libpython3.11-minimal:amd64.
Preparing to unpack .../13-libpython3.11-minimal_3.11.2-6_amd64.deb ...
Unpacking libpython3.11-minimal:amd64 (3.11.2-6) ...
Selecting previously unselected package python3.11-minimal.
Preparing to unpack .../14-python3.11-minimal_3.11.2-6_amd64.deb ...
Unpacking python3.11-minimal (3.11.2-6) ...
Setting up libpython3.11-minimal:amd64 (3.11.2-6) ...
Setting up python3.11-minimal (3.11.2-6) ...
Selecting previously unselected package python3-minimal.
(Reading database ... 30218 files and directories currently installed.)
Preparing to unpack .../0-python3-minimal_3.11.2-1+b1_amd64.deb ...
Unpacking python3-minimal (3.11.2-1+b1) ...
Selecting previously unselected package media-types.
Preparing to unpack .../1-media-types_10.0.0_all.deb ...
Unpacking media-types (10.0.0) ...
Selecting previously unselected package libsqlite3-0:amd64.
Preparing to unpack .../2-libsqlite3-0_3.40.1-2_amd64.deb ...
Unpacking libsqlite3-0:amd64 (3.40.1-2) ...
Selecting previously unselected package libpython3.11-stdlib:amd64.
Preparing to unpack .../3-libpython3.11-stdlib_3.11.2-6_amd64.deb ...
Unpacking libpython3.11-stdlib:amd64 (3.11.2-6) ...
Selecting previously unselected package python3.11.
Preparing to unpack .../4-python3.11_3.11.2-6_amd64.deb ...
Unpacking python3.11 (3.11.2-6) ...
Selecting previously unselected package libpython3-stdlib:amd64.
Preparing to unpack .../5-libpython3-stdlib_3.11.2-1+b1_amd64.deb ...
Unpacking libpython3-stdlib:amd64 (3.11.2-1+b1) ...
Setting up python3-minimal (3.11.2-1+b1) ...
Selecting previously unselected package python3.
(Reading database ... 30635 files and directories currently installed.)
Preparing to unpack .../00-python3_3.11.2-1+b1_amd64.deb ...
Unpacking python3 (3.11.2-1+b1) ...
Selecting previously unselected package sgml-base.
Preparing to unpack .../01-sgml-base_1.31_all.deb ...
Unpacking sgml-base (1.31) ...
Selecting previously unselected package xz-utils.
Preparing to unpack .../02-xz-utils_5.4.1-0.2_amd64.deb ...
Unpacking xz-utils (5.4.1-0.2) ...
Selecting previously unselected package binutils-common:amd64.
Preparing to unpack .../03-binutils-common_2.40-2_amd64.deb ...
Unpacking binutils-common:amd64 (2.40-2) ...
Selecting previously unselected package libbinutils:amd64.
Preparing to unpack .../04-libbinutils_2.40-2_amd64.deb ...
Unpacking libbinutils:amd64 (2.40-2) ...
Selecting previously unselected package libctf-nobfd0:amd64.
Preparing to unpack .../05-libctf-nobfd0_2.40-2_amd64.deb ...
Unpacking libctf-nobfd0:amd64 (2.40-2) ...
Selecting previously unselected package libctf0:amd64.
Preparing to unpack .../06-libctf0_2.40-2_amd64.deb ...
Unpacking libctf0:amd64 (2.40-2) ...
Selecting previously unselected package libgprofng0:amd64.
Preparing to unpack .../07-libgprofng0_2.40-2_amd64.deb ...
Unpacking libgprofng0:amd64 (2.40-2) ...
Selecting previously unselected package binutils-x86-64-linux-gnu.
Preparing to unpack .../08-binutils-x86-64-linux-gnu_2.40-2_amd64.deb ...
Unpacking binutils-x86-64-linux-gnu (2.40-2) ...
Selecting previously unselected package binutils.
Preparing to unpack .../09-binutils_2.40-2_amd64.deb ...
Unpacking binutils (2.40-2) ...
Selecting previously unselected package cgroupfs-mount.
Preparing to unpack .../10-cgroupfs-mount_1.4_all.deb ...
Unpacking cgroupfs-mount (1.4) ...
Selecting previously unselected package libprotobuf32:amd64.
Preparing to unpack .../11-libprotobuf32_3.21.12-3_amd64.deb ...
Unpacking libprotobuf32:amd64 (3.21.12-3) ...
Selecting previously unselected package python3-protobuf.
Preparing to unpack .../12-python3-protobuf_3.21.12-3_amd64.deb ...
Unpacking python3-protobuf (3.21.12-3) ...
Selecting previously unselected package libnet1:amd64.
Preparing to unpack .../13-libnet1_1.1.6+dfsg-3.2_amd64.deb ...
Unpacking libnet1:amd64 (1.1.6+dfsg-3.2) ...
Selecting previously unselected package libnl-3-200:amd64.
Preparing to unpack .../14-libnl-3-200_3.7.0-0.2+b1_amd64.deb ...
Unpacking libnl-3-200:amd64 (3.7.0-0.2+b1) ...
Selecting previously unselected package libprotobuf-c1:amd64.
Preparing to unpack .../15-libprotobuf-c1_1.4.1-1+b1_amd64.deb ...
Unpacking libprotobuf-c1:amd64 (1.4.1-1+b1) ...
Selecting previously unselected package criu.
Preparing to unpack .../16-criu_3.17.1-2_amd64.deb ...
Unpacking criu (3.17.1-2) ...
Selecting previously unselected package libcurl3-gnutls:amd64.
Preparing to unpack .../17-libcurl3-gnutls_7.88.1-10+deb12u1_amd64.deb ...
Unpacking libcurl3-gnutls:amd64 (7.88.1-10+deb12u1) ...
Selecting previously unselected package liberror-perl.
Preparing to unpack .../18-liberror-perl_0.17029-2_all.deb ...
Unpacking liberror-perl (0.17029-2) ...
Selecting previously unselected package git-man.
Preparing to unpack .../19-git-man_1%3a2.39.2-1.1_all.deb ...
Unpacking git-man (1:2.39.2-1.1) ...
Selecting previously unselected package git.
Preparing to unpack .../20-git_1%3a2.39.2-1.1_amd64.deb ...
Unpacking git (1:2.39.2-1.1) ...
Selecting previously unselected package libintl-perl.
Preparing to unpack .../21-libintl-perl_1.33-1_all.deb ...
Unpacking libintl-perl (1.33-1) ...
Selecting previously unselected package libintl-xs-perl.
Preparing to unpack .../22-libintl-xs-perl_1.33-1_amd64.deb ...
Unpacking libintl-xs-perl (1.33-1) ...
Selecting previously unselected package libmodule-find-perl.
Preparing to unpack .../23-libmodule-find-perl_0.16-2_all.deb ...
Unpacking libmodule-find-perl (0.16-2) ...
Selecting previously unselected package libmodule-scandeps-perl.
Preparing to unpack .../24-libmodule-scandeps-perl_1.31-2_all.deb ...
Unpacking libmodule-scandeps-perl (1.31-2) ...
Selecting previously unselected package libproc-processtable-perl:amd64.
Preparing to unpack .../25-libproc-processtable-perl_0.634-1+b2_amd64.deb ...
Unpacking libproc-processtable-perl:amd64 (0.634-1+b2) ...
Selecting previously unselected package libsort-naturally-perl.
Preparing to unpack .../26-libsort-naturally-perl_1.03-4_all.deb ...
Unpacking libsort-naturally-perl (1.03-4) ...
Selecting previously unselected package libterm-readkey-perl.
Preparing to unpack .../27-libterm-readkey-perl_2.38-2+b1_amd64.deb ...
Unpacking libterm-readkey-perl (2.38-2+b1) ...
Selecting previously unselected package needrestart.
Preparing to unpack .../28-needrestart_3.6-4_all.deb ...
Unpacking needrestart (3.6-4) ...
Selecting previously unselected package patch.
Preparing to unpack .../29-patch_2.7.6-7_amd64.deb ...
Unpacking patch (2.7.6-7) ...
Setting up media-types (10.0.0) ...
Setting up libip6tc2:amd64 (1.8.9-2) ...
Setting up libsqlite3-0:amd64 (3.40.1-2) ...
Setting up binutils-common:amd64 (2.40-2) ...
Setting up libctf-nobfd0:amd64 (2.40-2) ...
Setting up libcurl3-gnutls:amd64 (7.88.1-10+deb12u1) ...
Setting up libprotobuf-c1:amd64 (1.4.1-1+b1) ...
Setting up runc (1.1.5+ds1-1+b1) ...
Setting up perl-modules-5.36 (5.36.0-7) ...
Setting up xz-utils (5.4.1-0.2) ...
update-alternatives: using /usr/bin/xz to provide /usr/bin/lzma (lzma) in auto mode
Setting up tini (0.19.0-1) ...
Setting up patch (2.7.6-7) ...
Setting up libprotobuf32:amd64 (3.21.12-3) ...
Setting up libnfnetlink0:amd64 (1.0.2-2) ...
Setting up libnl-3-200:amd64 (3.7.0-0.2+b1) ...
Setting up git-man (1:2.39.2-1.1) ...
Setting up sgml-base (1.31) ...
Setting up cgroupfs-mount (1.4) ...
Setting up libbinutils:amd64 (2.40-2) ...
Setting up containerd (1.6.20~ds1-1+b1) ...
Created symlink /etc/systemd/system/multi-user.target.wants/containerd.service ‚Üí /lib/systemd/system/containerd.service.
Setting up libgdbm6:amd64 (1.23-3) ...
Setting up libctf0:amd64 (2.40-2) ...
Setting up libpython3.11-stdlib:amd64 (3.11.2-6) ...
Setting up libnet1:amd64 (1.1.6+dfsg-3.2) ...
Setting up libgprofng0:amd64 (2.40-2) ...
Setting up libgdbm-compat4:amd64 (1.23-3) ...
Setting up libnetfilter-conntrack3:amd64 (1.0.9-3) ...
Setting up libperl5.36:amd64 (5.36.0-7) ...
Setting up libpython3-stdlib:amd64 (3.11.2-1+b1) ...
Setting up binutils-x86-64-linux-gnu (2.40-2) ...
Setting up python3.11 (3.11.2-6) ...
Setting up iptables (1.8.9-2) ...
update-alternatives: using /usr/sbin/iptables-legacy to provide /usr/sbin/iptables (iptables) in auto mode
update-alternatives: using /usr/sbin/ip6tables-legacy to provide /usr/sbin/ip6tables (ip6tables) in auto mode
update-alternatives: using /usr/sbin/iptables-nft to provide /usr/sbin/iptables (iptables) in auto mode
update-alternatives: using /usr/sbin/ip6tables-nft to provide /usr/sbin/ip6tables (ip6tables) in auto mode
update-alternatives: using /usr/sbin/arptables-nft to provide /usr/sbin/arptables (arptables) in auto mode
update-alternatives: using /usr/sbin/ebtables-nft to provide /usr/sbin/ebtables (ebtables) in auto mode
Setting up python3 (3.11.2-1+b1) ...
running python rtupdate hooks for python3.11...
running python post-rtupdate hooks for python3.11...
Setting up docker.io (20.10.24+dfsg1-1+b3) ...
Adding group `docker' (GID 109) ...
Done.
Created symlink /etc/systemd/system/multi-user.target.wants/docker.service ‚Üí /lib/systemd/system/docker.service.
Created symlink /etc/systemd/system/sockets.target.wants/docker.socket ‚Üí /lib/systemd/system/docker.socket.
Setting up binutils (2.40-2) ...
Setting up perl (5.36.0-7) ...
Setting up libmodule-find-perl (0.16-2) ...
Setting up libproc-processtable-perl:amd64 (0.634-1+b2) ...
Setting up libintl-perl (1.33-1) ...
Setting up libterm-readkey-perl (2.38-2+b1) ...
Setting up python3-protobuf (3.21.12-3) ...
Setting up libsort-naturally-perl (1.03-4) ...
Setting up libmodule-scandeps-perl (1.31-2) ...
Setting up needrestart (3.6-4) ...
Setting up libintl-xs-perl (1.33-1) ...
Setting up liberror-perl (0.17029-2) ...
Setting up git (1:2.39.2-1.1) ...
Setting up criu (3.17.1-2) ...
Processing triggers for systemd (252.12-1~deb12u1) ...
Processing triggers for libc-bin (2.36-9+deb12u1) ...
trimble@tartu:~$
trimble@tartu:~$
trimble@tartu:~$
trimble@tartu:~$
trimble@tartu:~$
trimble@tartu:~$
trimble@tartu:~$ sudo vi /etc/group
trimble@tartu:~$
trimble@tartu:~$
trimble@tartu:~$ minikube start
üòÑ  minikube v1.31.2 on Debian 12.1
üëé  Unable to pick a default driver. Here is what was considered, in preference order:
    ‚ñ™ docker: Not healthy: "docker version --format {{.Server.Os}}-{{.Server.Version}}:{{.Server.Platform.Name}}" exit status 1: permission denied while trying to connect to the Docker daemon socket at unix:///var/run/docker.sock: Get "http://%2Fvar%2Frun%2Fdocker.sock/v1.24/version": dial unix /var/run/docker.sock: connect: permission denied
    ‚ñ™ docker: Suggestion: Add your user to the 'docker' group: 'sudo usermod -aG docker $USER && newgrp docker' <https://docs.docker.com/engine/install/linux-postinstall/>
üí°  Alternatively you could install one of these drivers:
    ‚ñ™ kvm2: Not installed: exec: "virsh": executable file not found in $PATH
    ‚ñ™ podman: Not installed: exec: "podman": executable file not found in $PATH
    ‚ñ™ qemu2: Not installed: exec: "qemu-system-x86_64": executable file not found in $PATH
    ‚ñ™ virtualbox: Not installed: unable to find VBoxManage in $PATH

‚ùå  Exiting due to DRV_NOT_HEALTHY: Found driver(s) but none were healthy. See above for suggestions how to fix installed drivers.

trimble@tartu:~$ exit
logout
Connection to 192.168.88.117 closed.

C:\Users\trimble
Œª ssh 192.168.88.117
trimble@192.168.88.117's password:
Linux tartu 6.1.0-12-amd64 #1 SMP PREEMPT_DYNAMIC Debian 6.1.52-1 (2023-09-07) x86_64

The programs included with the Debian GNU/Linux system are free software;
the exact distribution terms for each program are described in the
individual files in /usr/share/doc/*/copyright.

Debian GNU/Linux comes with ABSOLUTELY NO WARRANTY, to the extent
permitted by applicable law.
Last login: Fri Sep 15 15:31:38 2023 from 192.168.88.126
trimble@tartu:~$ history
    1  cat /proc/meminfo
    2  cat /proc/cpuinfo
    3  cat /proc/cpuinfo | less
    4  ls -l /var/
    5  ls -l /var/log
    6  cat /var/log/README
    7  su -
    8  ip a
    9  vi .bash_rc
   10  vi .bashrc
   11  su -
   12  mkdir initialsetup
   13  su -
   14  vi initialsetup/notes
   15  exit
   16  ssh-add -l
   17  sudo apt update
   18  sudo apt install curl
   19  curl -LO https://storage.googleapis.com/minikube/releases/latest/minikube-linux-amd64
   20  sudo install minikube-linux-amd64 /usr/local/bin/minikube
   21  minikube start
   22  apt search docker | less
   23  sudo apt install docker.io
   24  sudo vi /etc/group
   25  minikube start
   26  exit
   27  history
trimble@tartu:~$ minikube start
üòÑ  minikube v1.31.2 on Debian 12.1
‚ú®  Automatically selected the docker driver
üìå  Using Docker driver with root privileges
üëç  Starting control plane node minikube in cluster minikube
üöú  Pulling base image ...
üíæ  Downloading Kubernetes v1.27.4 preload ...
    > gcr.io/k8s-minikube/kicbase...:  447.62 MiB / 447.62 MiB  100.00% 29.52 M
    > preloaded-images-k8s-v18-v1...:  393.21 MiB / 393.21 MiB  100.00% 5.57 Mi
üî•  Creating docker container (CPUs=2, Memory=3900MB) ...
üê≥  Preparing Kubernetes v1.27.4 on Docker 24.0.4 ...
    ‚ñ™ Generating certificates and keys ...
    ‚ñ™ Booting up control plane ...
    ‚ñ™ Configuring RBAC rules ...
üîó  Configuring bridge CNI (Container Networking Interface) ...
    ‚ñ™ Using image gcr.io/k8s-minikube/storage-provisioner:v5
üîé  Verifying Kubernetes components...
üåü  Enabled addons: storage-provisioner, default-storageclass
üí°  kubectl not found. If you need it, try: 'minikube kubectl -- get pods -A'
üèÑ  Done! kubectl is now configured to use "minikube" cluster and "default" namespace by default
trimble@tartu:~$ v1.28.2
-bash: v1.28.2: command not found
trimble@tartu:~$    curl -LO "https://dl.k8s.io/release/v1.28.2/bin/linux/amd64/kubectl"
  % Total    % Received % Xferd  Average Speed   Time    Time     Time  Current
                                 Dload  Upload   Total   Spent    Left  Speed
100   138  100   138    0     0    549      0 --:--:-- --:--:-- --:--:--   552
100 47.5M  100 47.5M    0     0  20.6M      0  0:00:02  0:00:02 --:--:-- 27.8M
trimble@tartu:~$ sudo install -o root -g root -m 0755 kubectl /usr/local/bin/kubectl
[sudo] password for trimble:
trimble@tartu:~$ kubectl get pods -A
NAMESPACE     NAME                               READY   STATUS    RESTARTS        AGE
kube-system   coredns-5d78c9869d-75v22           1/1     Running   0               7m16s
kube-system   etcd-minikube                      1/1     Running   0               7m31s
kube-system   kube-apiserver-minikube            1/1     Running   0               7m28s
kube-system   kube-controller-manager-minikube   1/1     Running   0               7m31s
kube-system   kube-proxy-mldwg                   1/1     Running   0               7m16s
kube-system   kube-scheduler-minikube            1/1     Running   0               7m28s
kube-system   storage-provisioner                1/1     Running   1 (6m46s ago)   7m28s
trimble@tartu:~$ mkdir dgraph
trimble@tartu:~$ cd dgraph/
trimble@tartu:~/dgraph$ vi oldnotes
trimble@tartu:~/dgraph$
trimble@tartu:~/dgraph$
trimble@tartu:~/dgraph$
trimble@tartu:~/dgraph$
trimble@tartu:~/dgraph$ kubectl create deployment dgraph-testo --image=dgraph/standalone:v23.1.0
deployment.apps/dgraph-testo created
trimble@tartu:~/dgraph$ kubectl get pods
NAME                           READY   STATUS    RESTARTS   AGE
dgraph-testo-c7b96c796-844dv   1/1     Running   0          42s
trimble@tartu:~/dgraph$ kubectl logs dgraph-testo-c7b96c796-844dv

Warning: This standalone version is meant for quickstart purposes only.
         It is NOT RECOMMENDED for production environments.
[Sentry] 2023/09/15 20:54:18 Integration installed: ContextifyFrames
[Sentry] 2023/09/15 20:54:18 Integration installed: Environment
[Sentry] 2023/09/15 20:54:18 Integration installed: Modules
[Sentry] 2023/09/15 20:54:18 Integration installed: IgnoreErrors
[Sentry] 2023/09/15 20:54:18 Integration installed: ContextifyFrames
[Sentry] 2023/09/15 20:54:18 Integration installed: Environment
[Sentry] 2023/09/15 20:54:18 Integration installed: Modules
[Sentry] 2023/09/15 20:54:18 Integration installed: IgnoreErrors
[Sentry] 2023/09/15 20:54:19 Integration installed: ContextifyFrames
[Sentry] 2023/09/15 20:54:19 Integration installed: Environment
[Sentry] 2023/09/15 20:54:19 Integration installed: Modules
[Sentry] 2023/09/15 20:54:19 Integration installed: IgnoreErrors
[Sentry] 2023/09/15 20:54:19 Integration installed: ContextifyFrames
[Sentry] 2023/09/15 20:54:19 Integration installed: Environment
[Sentry] 2023/09/15 20:54:19 Integration installed: Modules
[Sentry] 2023/09/15 20:54:19 Integration installed: IgnoreErrors
I0915 20:54:19.313330      28 sentry_integration.go:47]
This instance of Dgraph will send anonymous reports of panics back to Dgraph Labs via Sentry. No confidential information is sent. These reports help improve Dgraph. To opt-out, restart your instance with the --telemetry "sentry=false;" flag. For more info, see https://dgraph.io/docs/howto/dgraph-sentry-integration/#data-handling.
I0915 20:54:19.313330      29 sentry_integration.go:47]
This instance of Dgraph will send anonymous reports of panics back to Dgraph Labs via Sentry. No confidential information is sent. These reports help improve Dgraph. To opt-out, restart your instance with the --telemetry "sentry=false;" flag. For more info, see https://dgraph.io/docs/howto/dgraph-sentry-integration/#data-handling.
I0915 20:54:19.511368      28 init.go:85]

Dgraph version   : v23.1.0
Dgraph codename  : dgraph
Dgraph SHA-256   : 2b0d2fb977807f9d681c3a8e5f67a6fb133c99c772009158107aa6b1ac4cbd10
Commit SHA-1     : 2b18d19
Commit timestamp : 2023-08-17 13:27:10 -0500
Branch           : HEAD
Go version       : go1.19.12
jemalloc enabled : true

For Dgraph official documentation, visit https://dgraph.io/docs.
For discussions about Dgraph     , visit https://discuss.dgraph.io.
For fully-managed Dgraph Cloud   , visit https://dgraph.io/cloud.

Licensed variously under the Apache Public License 2.0 and Dgraph Community License.
Copyright 2015-2023 Dgraph Labs, Inc.


I0915 20:54:19.511368      29 init.go:85]

Dgraph version   : v23.1.0
Dgraph codename  : dgraph
Dgraph SHA-256   : 2b0d2fb977807f9d681c3a8e5f67a6fb133c99c772009158107aa6b1ac4cbd10
Commit SHA-1     : 2b18d19
Commit timestamp : 2023-08-17 13:27:10 -0500
Branch           : HEAD
Go version       : go1.19.12
jemalloc enabled : true

For Dgraph official documentation, visit https://dgraph.io/docs.
For discussions about Dgraph     , visit https://discuss.dgraph.io.
For fully-managed Dgraph Cloud   , visit https://dgraph.io/cloud.

Licensed variously under the Apache Public License 2.0 and Dgraph Community License.
Copyright 2015-2023 Dgraph Labs, Inc.


I0915 20:54:19.511397      29 run.go:753] x.Config: {PortOffset:0 Limit:mutations=allow; mutations-nquad=1000000; disallow-drop=false; max-pending-queries=10000; query-edge=1000000; normalize-node=10000; query-timeout=0ms; txn-abort-after=5m; max-retries=10; shared-instance=false LimitMutationsNquad:1000000 LimitQueryEdge:1000000 BlockClusterWideDrop:false LimitNormalizeNode:10000 QueryTimeout:0s MaxRetries:10 SharedInstance:false GraphQL:debug=false; extensions=true; poll-interval=1s; lambda-url=; introspection=true GraphQLDebug:false NormalizeCompatibilityMode:}
I0915 20:54:19.511432      28 run.go:253] Setting Config to: {raft:0xc00041c4b0 telemetry:0xc00041c470 limit:0xc00041c4b8 bindall:true portOffset:0 numReplicas:1 peer: w:zw rebalanceInterval:480000000000 tlsClientConfig:<nil> audit:<nil> limiterConfig:0xc000135a30}
I0915 20:54:19.511472      28 run.go:143] Setting up grpc listener at: 0.0.0.0:5080
I0915 20:54:19.511676      28 run.go:143] Setting up http listener at: 0.0.0.0:6080
I0915 20:54:19.511449      29 run.go:754] x.WorkerConfig: {TmpDir:t ExportPath:export Trace:jaeger=; datadog=; ratio=0.01 MyAddr: ZeroAddr:[localhost:5080] TLSClientConfig:<nil> TLSServerConfig:<nil> Raft:idx=; group=; learner=false; snapshot-after-entries=10000; snapshot-after-duration=30m; pending-proposals=256 Badger:{testOnlyOptions:{syncChan:<nil>} Dir: ValueDir: SyncWrites:false NumVersionsToKeep:1 ReadOnly:false Logger:0xc00011e5a0 Compression:1 InMemory:false MetricsEnabled:true NumGoroutines:8 MemTableSize:67108864 BaseTableSize:2097152 BaseLevelSize:10485760 LevelSizeMultiplier:10 TableSizeMultiplier:2 MaxLevels:7 VLogPercentile:0 ValueThreshold:1048576 NumMemtables:5 BlockSize:4096 BloomFalsePositive:0.01 BlockCacheSize:697932185 IndexCacheSize:375809638 NumLevelZeroTables:5 NumLevelZeroTablesStall:15 ValueLogFileSize:1073741823 ValueLogMaxEntries:1000000 NumCompactors:4 CompactL0OnClose:false LmaxCompaction:false ZSTDCompressionLevel:0 VerifyValueChecksum:false EncryptionKey:[] EncryptionKeyRotationDuration:240h0m0s BypassLockGuard:false ChecksumVerificationMode:0 DetectConflicts:true NamespaceOffset:-1 ExternalMagicVersion:0 managedTxns:false maxBatchCount:0 maxBatchSize:0 maxValueThreshold:0} WhiteListedIPRanges:[{Lower:0.0.0.0 Upper:255.255.255.255}] StrictMutations:false AclEnabled:false HmacSecret:**** AbortOlderThan:5m0s ProposedGroupId:0 StartTime:2023-09-15 20:54:18.898605231 +0000 UTC m=+0.204049516 Security:whitelist=0.0.0.0/0; token= EncryptionKey:**** LogDQLRequest:0 HardSync:false Audit:false}
I0915 20:54:19.511526      29 run.go:755] worker.Config: {PostingDir:p WALDir:w MutationsMode:0 AuthToken: HmacSecret:**** AccessJwtTtl:0s RefreshJwtTtl:0s CachePercentage:0,65,35 CacheMb:1024 Audit:<nil> ChangeDataConf:file=; kafka=; sasl_user=; sasl_password=; ca_cert=; client_cert=; client_key=; sasl-mechanism=PLAIN; tls=false;}
I0915 20:54:19.512779      28 storage.go:124] Init Raft Storage with snap: 0, first: 1, last: 0
I0915 20:54:19.512836      29 storage.go:124] Init Raft Storage with snap: 0, first: 1, last: 0
I0915 20:54:19.512937      29 server_state.go:141] Opening postings BadgerDB with options: {testOnlyOptions:{syncChan:<nil>} Dir:p ValueDir:p SyncWrites:false NumVersionsToKeep:2147483647 ReadOnly:false Logger:0x332ac68 Compression:1 InMemory:false MetricsEnabled:true NumGoroutines:8 MemTableSize:67108864 BaseTableSize:2097152 BaseLevelSize:10485760 LevelSizeMultiplier:10 TableSizeMultiplier:2 MaxLevels:7 VLogPercentile:0 ValueThreshold:1048576 NumMemtables:5 BlockSize:4096 BloomFalsePositive:0.01 BlockCacheSize:697932185 IndexCacheSize:375809638 NumLevelZeroTables:5 NumLevelZeroTablesStall:15 ValueLogFileSize:1073741823 ValueLogMaxEntries:1000000 NumCompactors:4 CompactL0OnClose:false LmaxCompaction:false ZSTDCompressionLevel:0 VerifyValueChecksum:false EncryptionKey:[] EncryptionKeyRotationDuration:240h0m0s BypassLockGuard:false ChecksumVerificationMode:0 DetectConflicts:false NamespaceOffset:1 ExternalMagicVersion:0 managedTxns:false maxBatchCount:0 maxBatchSize:0 maxValueThreshold:0}
I0915 20:54:19.512887      28 node.go:153] Setting raft.Config to: &{ID:1 peers:[] learners:[] ElectionTick:20 HeartbeatTick:1 Storage:0xc000445dc0 Applied:0 MaxSizePerMsg:262144 MaxCommittedSizePerReady:67108864 MaxUncommittedEntriesSize:0 MaxInflightMsgs:256 CheckQuorum:false PreVote:true ReadOnlyOption:0 Logger:0x332ac68 DisableProposalForwarding:false}
I0915 20:54:19.513606      28 node.go:328] Group 0 found 0 entries
I0915 20:54:19.513716      28 raft.go:706] Starting a brand new node
I0915 20:54:19.513750      28 log.go:33] 1 became follower at term 0
I0915 20:54:19.513756      28 log.go:33] newRaft 1 [peers: [], term: 0, commit: 0, applied: 0, lastindex: 0, lastterm: 0]
I0915 20:54:19.513760      28 log.go:33] 1 became follower at term 1
I0915 20:54:19.513861      28 run.go:387] Running Dgraph Zero...
E0915 20:54:19.514256      28 raft.go:590] While proposing CID: Not Zero leader. Aborting proposal: cid:"db7edad7-6271-4490-b460-df083b699d51" . Retrying...
I0915 20:54:19.514278      28 node.go:190] Setting conf state to nodes:1
I0915 20:54:19.514694      28 raft.go:1009] Done applying conf change at 0x1
I0915 20:54:19.521292      29 log.go:33] All 0 tables opened in 0s
I0915 20:54:19.522089      29 log.go:33] Discard stats nextEmptySlot: 0
I0915 20:54:19.522107      29 log.go:33] Set nextTxnTs to 0
I0915 20:54:19.522734      29 groups.go:101] Current Raft Id: 0x0
I0915 20:54:19.522882      29 worker.go:114] Worker listening at address: [::]:7080
I0915 20:54:19.522745      29 groups.go:117] Sending member request to Zero: addr:"localhost:7080"
I0915 20:54:19.523842      29 run.go:566] Bringing up GraphQL HTTP API at 0.0.0.0:8080/graphql
I0915 20:54:19.523852      29 run.go:567] Bringing up GraphQL HTTP admin API at 0.0.0.0:8080/admin
E0915 20:54:19.523848      29 groups.go:1229] Error during SubscribeForUpdates for prefix "\x00\x00\x00\x00\x00\x00\x00\x00\x00\x00\x15dgraph.graphql.schema\x00": unable to find any servers for group: 1. closer err: <nil>
I0915 20:54:19.523862      29 run.go:594] gRPC server started.  Listening on port 9080
I0915 20:54:19.524592      29 run.go:595] HTTP server started.  Listening on port 8080
I0915 20:54:19.624069      29 pool.go:165] CONN: Connecting to localhost:5080
I0915 20:54:19.630355      28 zero.go:511] Got connection request: cluster_info_only:true
I0915 20:54:19.630511      28 log.go:33] 1 no leader at term 1; dropping index reading msg
E0915 20:54:20.525156      29 groups.go:1229] Error during SubscribeForUpdates for prefix "\x00\x00\x00\x00\x00\x00\x00\x00\x00\x00\x15dgraph.graphql.schema\x00": unable to find any servers for group: 1. closer err: <nil>
E0915 20:54:21.526025      29 groups.go:1229] Error during SubscribeForUpdates for prefix "\x00\x00\x00\x00\x00\x00\x00\x00\x00\x00\x15dgraph.graphql.schema\x00": unable to find any servers for group: 1. closer err: <nil>
W0915 20:54:21.630647      28 node.go:710] [0x1] Read index context timed out
I0915 20:54:21.630744      28 log.go:33] 1 no leader at term 1; dropping index reading msg
I0915 20:54:22.414627      28 log.go:33] 1 is starting a new election at term 1
I0915 20:54:22.414719      28 log.go:33] 1 became pre-candidate at term 1
I0915 20:54:22.414734      28 log.go:33] 1 received MsgPreVoteResp from 1 at term 1
I0915 20:54:22.414823      28 log.go:33] 1 became candidate at term 2
I0915 20:54:22.414837      28 log.go:33] 1 received MsgVoteResp from 1 at term 2
I0915 20:54:22.414862      28 log.go:33] 1 became leader at term 2
I0915 20:54:22.414879      28 log.go:33] raft.node: 1 elected leader 1 at term 2
I0915 20:54:22.414957      28 raft.go:955] I've become the leader, updating leases.
I0915 20:54:22.415093      28 assign.go:47] Updated UID: 1. Txn Ts: 1. NsID: 1.
E0915 20:54:22.515280      28 raft.go:590] While proposing CID: Not Zero leader. Aborting proposal: cid:"2998c9a4-e12b-4e3e-aad3-abf523164a27" . Retrying...
E0915 20:54:22.526548      29 groups.go:1229] Error during SubscribeForUpdates for prefix "\x00\x00\x00\x00\x00\x00\x00\x00\x00\x00\x15dgraph.graphql.schema\x00": unable to find any servers for group: 1. closer err: <nil>
E0915 20:54:23.527522      29 groups.go:1229] Error during SubscribeForUpdates for prefix "\x00\x00\x00\x00\x00\x00\x00\x00\x00\x00\x15dgraph.graphql.schema\x00": unable to find any servers for group: 1. closer err: <nil>
W0915 20:54:23.631117      28 node.go:710] [0x1] Read index context timed out
I0915 20:54:23.631398      28 zero.go:536] Connected: cluster_info_only:true
I0915 20:54:23.633182      28 zero.go:511] Got connection request: addr:"localhost:7080"
I0915 20:54:23.634075      28 pool.go:165] CONN: Connecting to localhost:7080
I0915 20:54:23.634354      28 zero.go:676] Connected: id:1 group_id:1 addr:"localhost:7080"
I0915 20:54:23.634876      29 groups.go:136] Connected to group zero. Assigned group: 1
I0915 20:54:23.635058      29 groups.go:138] Raft Id after connection to Zero: 0x1
I0915 20:54:23.635143      29 draft.go:267] Node ID: 0x1 with GroupID: 1
I0915 20:54:23.635158      29 draft.go:276] RaftContext: id:1 group:1 addr:"localhost:7080"
I0915 20:54:23.635441      29 node.go:153] Setting raft.Config to: &{ID:1 peers:[] learners:[] ElectionTick:20 HeartbeatTick:1 Storage:0xc000160200 Applied:0 MaxSizePerMsg:262144 MaxCommittedSizePerReady:67108864 MaxUncommittedEntriesSize:0 MaxInflightMsgs:256 CheckQuorum:false PreVote:true ReadOnlyOption:0 Logger:0x332ac68 DisableProposalForwarding:false}
I0915 20:54:23.635680      29 log.go:33] LoadFromDb Schema Streaming about 0 B of uncompressed data (0 B on disk)
I0915 20:54:23.640349      29 log.go:33] Number of ranges found: 1
I0915 20:54:23.640391      29 log.go:33] Sent range 0 for iteration: [, ) of size: 0 B
I0915 20:54:23.645398      29 log.go:33] LoadFromDb Schema Sent data of size 0 B
I0915 20:54:23.645503      29 log.go:33] LoadFromDb Type Streaming about 0 B of uncompressed data (0 B on disk)
I0915 20:54:23.645539      29 log.go:33] Number of ranges found: 1
I0915 20:54:23.645564      29 log.go:33] Sent range 0 for iteration: [, ) of size: 0 B
I0915 20:54:23.647611      29 log.go:33] LoadFromDb Type Sent data of size 0 B
I0915 20:54:23.647647      29 groups.go:155] Load schema from DB: OK
I0915 20:54:23.647669      29 node.go:328] Group 1 found 0 entries
I0915 20:54:23.647681      29 draft.go:1833] New Node for group: 1
I0915 20:54:23.647714      29 log.go:33] 1 became follower at term 0
I0915 20:54:23.647732      29 log.go:33] newRaft 1 [peers: [], term: 0, commit: 0, applied: 0, lastindex: 0, lastterm: 0]
I0915 20:54:23.647741      29 log.go:33] 1 became follower at term 1
I0915 20:54:23.647795      29 draft.go:208] Operation started with id: opRollup
I0915 20:54:23.647835      29 groups.go:158] Init and start Raft node: OK
I0915 20:54:23.647965      29 groups.go:868] Got address of a Zero leader: localhost:5080
I0915 20:54:23.648089      29 groups.go:882] Starting a new membership stream receive from localhost:5080.
I0915 20:54:23.648351      29 draft.go:1202] Found Raft progress: 0
I0915 20:54:23.648605      29 node.go:190] Setting conf state to nodes:1
I0915 20:54:23.648949      29 log.go:33] 1 is starting a new election at term 1
I0915 20:54:23.648978      29 log.go:33] 1 became pre-candidate at term 1
I0915 20:54:23.648985      29 log.go:33] 1 received MsgPreVoteResp from 1 at term 1
I0915 20:54:23.649022      29 log.go:33] 1 became candidate at term 2
I0915 20:54:23.649028      29 log.go:33] 1 received MsgVoteResp from 1 at term 2
I0915 20:54:23.649040      29 log.go:33] 1 became leader at term 2
I0915 20:54:23.649095      29 log.go:33] raft.node: 1 elected leader 1 at term 2
I0915 20:54:23.649514      29 groups.go:899] Received first state update from Zero: counter:3 groups:<key:1 value:<members:<key:1 value:<id:1 group_id:1 addr:"localhost:7080" > > > > zeros:<key:1 value:<id:1 addr:"localhost:5080" leader:true > > maxRaftId:1
E0915 20:54:24.524614      29 admin.go:854] namespace: 0. Error reading GraphQL schema: Please retry again, server is not ready to accept requests.
I0915 20:54:24.528156      29 pool.go:165] CONN: Connecting to localhost:7080
I0915 20:54:24.644114      28 pool.go:332] CONN: Re-established connection with localhost:7080.
I0915 20:54:24.648837      29 groups.go:165] Informed Zero about tablets I have: OK
I0915 20:54:24.648915      29 groups.go:954] Leader idx=0x1 of group=1 is connecting to Zero for txn updates
I0915 20:54:24.648949      29 groups.go:966] Got Zero leader: localhost:5080
I0915 20:54:24.650979      29 groups.go:494] Serving tablet for: 0-dgraph.type
I0915 20:54:24.651961      29 groups.go:494] Serving tablet for: 0-dgraph.drop.op
I0915 20:54:24.653419      29 groups.go:494] Serving tablet for: 0-dgraph.graphql.schema
I0915 20:54:24.655066      29 groups.go:494] Serving tablet for: 0-dgraph.graphql.xid
I0915 20:54:24.656030      29 groups.go:494] Serving tablet for: 0-dgraph.graphql.p_query
I0915 20:54:24.656290      29 groups.go:168] Upserted Schema and Types: OK
I0915 20:54:24.656307      29 groups.go:171] Server is ready: OK
I0915 20:54:24.656316      29 access_ee.go:433] InitializeAcl closed
I0915 20:54:25.515599      28 raft.go:583] CID set for cluster: 12e6f9dd-b570-4ca6-be6a-7569fa88a131
I0915 20:54:25.515718      28 license_ee.go:48] Enterprise trial license proposed to the cluster: license:<maxNodes:18446744073709551615 expiryTs:1697403265 >
I0915 20:54:25.660990      29 access_ee.go:368] RefreshAcls closed
I0915 20:54:29.527204      29 admin.go:865] namespace: 0. No GraphQL schema in Dgraph; serving empty GraphQL API
I0915 20:55:19.515214      28 raft.go:823] Skipping creating a snapshot. Num groups: 1, Num checkpoints: 0
trimble@tartu:~/dgraph$
trimble@tartu:~/dgraph$
trimble@tartu:~/dgraph$
trimble@tartu:~/dgraph$ kubectl logs dgraph-testo-c7b96c796-844dv | grep HTTP
I0915 20:54:19.523842      29 run.go:566] Bringing up GraphQL HTTP API at 0.0.0.0:8080/graphql
I0915 20:54:19.523852      29 run.go:567] Bringing up GraphQL HTTP admin API at 0.0.0.0:8080/admin
I0915 20:54:19.524592      29 run.go:595] HTTP server started.  Listening on port 8080
trimble@tartu:~/dgraph$
trimble@tartu:~/dgraph$
trimble@tartu:~/dgraph$ kubectl get deployments
NAME           READY   UP-TO-DATE   AVAILABLE   AGE
dgraph-testo   1/1     1            1           2m27s
trimble@tartu:~/dgraph$
trimble@tartu:~/dgraph$
trimble@tartu:~/dgraph$ kubectl expose deployment/dgraph-testo --type="NodePort" --port 8080
service/dgraph-testo exposed
trimble@tartu:~/dgraph$
trimble@tartu:~/dgraph$
trimble@tartu:~/dgraph$ kubectl get services
NAME           TYPE        CLUSTER-IP      EXTERNAL-IP   PORT(S)          AGE
dgraph-testo   NodePort    10.104.45.142   <none>        8080:32428/TCP   12s
kubernetes     ClusterIP   10.96.0.1       <none>        443/TCP          15m
trimble@tartu:~/dgraph$ minikube ip
192.168.49.2
trimble@tartu:~/dgraph$
trimble@tartu:~/dgraph$
trimble@tartu:~/dgraph$ curl 192.168.49.2:32428
Dgraph browser is available for running separately using the dgraph-ratel binarytrimble@tartu:~/dgraph$
trimble@tartu:~/dgraph$
trimble@tartu:~/dgraph$ curl 192.168.49.2:32428/admin
{"errors":[{"message":"no query string supplied in request"}],"extensions":{"tracing":{"version":1,"startTime":"2023-09-15T20:58:11.469013971Z","endTime":"2023-09-15T20:58:11.469032028Z","duration":18056}}}trimble@tartu:~/dgraph$
trimble@tartu:~/dgraph$
trimble@tartu:~/dgraph$
trimble@tartu:~/dgraph$
trimble@tartu:~/dgraph$ kubectl describe nodes
Name:               minikube
Roles:              control-plane
Labels:             beta.kubernetes.io/arch=amd64
                    beta.kubernetes.io/os=linux
                    kubernetes.io/arch=amd64
                    kubernetes.io/hostname=minikube
                    kubernetes.io/os=linux
                    minikube.k8s.io/commit=fd7ecd9c4599bef9f04c0986c4a0187f98a4396e
                    minikube.k8s.io/name=minikube
                    minikube.k8s.io/primary=true
                    minikube.k8s.io/updated_at=2023_09_15T15_41_50_0700
                    minikube.k8s.io/version=v1.31.2
                    node-role.kubernetes.io/control-plane=
                    node.kubernetes.io/exclude-from-external-load-balancers=
Annotations:        kubeadm.alpha.kubernetes.io/cri-socket: unix:///var/run/cri-dockerd.sock
                    node.alpha.kubernetes.io/ttl: 0
                    volumes.kubernetes.io/controller-managed-attach-detach: true
CreationTimestamp:  Fri, 15 Sep 2023 15:41:47 -0500
Taints:             <none>
Unschedulable:      false
Lease:
  HolderIdentity:  minikube
  AcquireTime:     <unset>
  RenewTime:       Fri, 15 Sep 2023 15:58:54 -0500
Conditions:
  Type             Status  LastHeartbeatTime                 LastTransitionTime                Reason                       Message
  ----             ------  -----------------                 ------------------                ------                       -------
  MemoryPressure   False   Fri, 15 Sep 2023 15:54:27 -0500   Fri, 15 Sep 2023 15:41:46 -0500   KubeletHasSufficientMemory   kubelet has sufficient memory available
  DiskPressure     False   Fri, 15 Sep 2023 15:54:27 -0500   Fri, 15 Sep 2023 15:41:46 -0500   KubeletHasNoDiskPressure     kubelet has no disk pressure
  PIDPressure      False   Fri, 15 Sep 2023 15:54:27 -0500   Fri, 15 Sep 2023 15:41:46 -0500   KubeletHasSufficientPID      kubelet has sufficient PID available
  Ready            True    Fri, 15 Sep 2023 15:54:27 -0500   Fri, 15 Sep 2023 15:41:47 -0500   KubeletReady                 kubelet is posting ready status
Addresses:
  InternalIP:  192.168.49.2
  Hostname:    minikube
Capacity:
  cpu:                4
  ephemeral-storage:  489634808Ki
  hugepages-1Gi:      0
  hugepages-2Mi:      0
  memory:             16151640Ki
  pods:               110
Allocatable:
  cpu:                4
  ephemeral-storage:  489634808Ki
  hugepages-1Gi:      0
  hugepages-2Mi:      0
  memory:             16151640Ki
  pods:               110
System Info:
  Machine ID:                 cd6f1bdf2de44fe1ae404e2c371c93a0
  System UUID:                3b403fcb-a797-4568-9edc-17ed83b4d0f6
  Boot ID:                    655263b4-6ed7-4c91-ad35-772b75688cf8
  Kernel Version:             6.1.0-12-amd64
  OS Image:                   Ubuntu 22.04.2 LTS
  Operating System:           linux
  Architecture:               amd64
  Container Runtime Version:  docker://24.0.4
  Kubelet Version:            v1.27.4
  Kube-Proxy Version:         v1.27.4
PodCIDR:                      10.244.0.0/24
PodCIDRs:                     10.244.0.0/24
Non-terminated Pods:          (8 in total)
  Namespace                   Name                                CPU Requests  CPU Limits  Memory Requests  Memory Limits  Age
  ---------                   ----                                ------------  ----------  ---------------  -------------  ---
  default                     dgraph-testo-c7b96c796-844dv        0 (0%)        0 (0%)      0 (0%)           0 (0%)         4m43s
  kube-system                 coredns-5d78c9869d-75v22            100m (2%)     0 (0%)      70Mi (0%)        170Mi (1%)     16m
  kube-system                 etcd-minikube                       100m (2%)     0 (0%)      100Mi (0%)       0 (0%)         17m
  kube-system                 kube-apiserver-minikube             250m (6%)     0 (0%)      0 (0%)           0 (0%)         17m
  kube-system                 kube-controller-manager-minikube    200m (5%)     0 (0%)      0 (0%)           0 (0%)         17m
  kube-system                 kube-proxy-mldwg                    0 (0%)        0 (0%)      0 (0%)           0 (0%)         16m
  kube-system                 kube-scheduler-minikube             100m (2%)     0 (0%)      0 (0%)           0 (0%)         17m
  kube-system                 storage-provisioner                 0 (0%)        0 (0%)      0 (0%)           0 (0%)         17m
Allocated resources:
  (Total limits may be over 100 percent, i.e., overcommitted.)
  Resource           Requests    Limits
  --------           --------    ------
  cpu                750m (18%)  0 (0%)
  memory             170Mi (1%)  170Mi (1%)
  ephemeral-storage  0 (0%)      0 (0%)
  hugepages-1Gi      0 (0%)      0 (0%)
  hugepages-2Mi      0 (0%)      0 (0%)
Events:
  Type    Reason                   Age   From             Message
  ----    ------                   ----  ----             -------
  Normal  Starting                 16m   kube-proxy
  Normal  Starting                 17m   kubelet          Starting kubelet.
  Normal  NodeAllocatableEnforced  17m   kubelet          Updated Node Allocatable limit across pods
  Normal  NodeHasSufficientMemory  17m   kubelet          Node minikube status is now: NodeHasSufficientMemory
  Normal  NodeHasNoDiskPressure    17m   kubelet          Node minikube status is now: NodeHasNoDiskPressure
  Normal  NodeHasSufficientPID     17m   kubelet          Node minikube status is now: NodeHasSufficientPID
  Normal  RegisteredNode           16m   node-controller  Node minikube event: Registered Node minikube in Controller
trimble@tartu:~/dgraph$
trimble@tartu:~/dgraph$
trimble@tartu:~/dgraph$
trimble@tartu:~/dgraph$ curl 192.168.49.2:32428/admin
{"errors":[{"message":"no query string supplied in request"}],"extensions":{"tracing":{"version":1,"startTime":"2023-09-15T21:00:45.882952125Z","endTime":"2023-09-15T21:00:45.882970882Z","duration":18757}}}trimble@tartu:~/dgraph$
trimble@tartu:~/dgraph$
trimble@tartu:~/dgraph$ sudo apt install nginx
Reading package lists... Done
Building dependency tree... Done
Reading state information... Done
The following additional packages will be installed:
  nginx-common
Suggested packages:
  fcgiwrap nginx-doc ssl-cert
The following NEW packages will be installed:
  nginx nginx-common
0 upgraded, 2 newly installed, 0 to remove and 0 not upgraded.
Need to get 640 kB of archives.
After this operation, 1,696 kB of additional disk space will be used.
Do you want to continue? [Y/n]
Get:1 http://deb.debian.org/debian bookworm/main amd64 nginx-common all 1.22.1-9 [112 kB]
Get:2 http://deb.debian.org/debian bookworm/main amd64 nginx amd64 1.22.1-9 [527 kB]
Fetched 640 kB in 1s (843 kB/s)
Preconfiguring packages ...
Selecting previously unselected package nginx-common.
(Reading database ... 33131 files and directories currently installed.)
Preparing to unpack .../nginx-common_1.22.1-9_all.deb ...
Unpacking nginx-common (1.22.1-9) ...
Selecting previously unselected package nginx.
Preparing to unpack .../nginx_1.22.1-9_amd64.deb ...
Unpacking nginx (1.22.1-9) ...
Setting up nginx-common (1.22.1-9) ...
Created symlink /etc/systemd/system/multi-user.target.wants/nginx.service ‚Üí /lib/systemd/system/nginx.service.
Setting up nginx (1.22.1-9) ...
Upgrading binary: nginx.
Scanning processes...
Scanning processor microcode...
Scanning linux images...

Running kernel seems to be up-to-date.

The processor microcode seems to be up-to-date.

No services need to be restarted.

No containers need to be restarted.

No user sessions are running outdated binaries.

No VM guests are running outdated hypervisor (qemu) binaries on this host.
trimble@tartu:~/dgraph$ vi oldnotes
trimble@tartu:~/dgraph$ sudo vi /etc/nginx/sites-available/default
trimble@tartu:~/dgraph$ sudo vi /etc/nginx/sites-available/default
trimble@tartu:~/dgraph$ sudo nginx -s reload
2023/09/15 16:06:16 [notice] 24323#24323: signal process started
trimble@tartu:~/dgraph$ curl localhost/dgraph/admin
{"errors":[{"message":"no query string supplied in request"}],"extensions":{"tracing":{"version":1,"startTime":"2023-09-15T21:06:26.79706651Z","endTime":"2023-09-15T21:06:26.797085917Z","duration":19407}}}trimble@tartu:~/dgraph$
trimble@tartu:~/dgraph$
trimble@tartu:~/dgraph$ history > minikube-dgraph.md
trimble@tartu:~/dgraph$ vi minikube-dgraph.md
trimble@tartu:~/dgraph$
